// Jest Snapshot v1, https://goo.gl/fbAQLP

exports[`should render a different state correctly 1`] = `
"Snapshot Diff:
- <ListEmptyComponent description="Empty list." onTryAgainPress={[Function onTryAgainPress]} />
+ <ListEmptyComponent description="Another description." onTryAgainPress={[Function onTryAgainPress]} />

@@ -19,11 +19,11 @@
          "color": "#000000",
          "fontSize": 14,
        }
      }
    >
-     Empty list.
+     Another description.
    </Text>
    <View
      accessibilityRole="button"
      accessibilityState={
        Object {"
`;
