// Jest Snapshot v1, https://goo.gl/fbAQLP

exports[`should render a different state correctly 1`] = `
"Snapshot Diff:
- <WeatherCityDetailsInfoItem label="Cloud Cover" value="50%" />
+ <WeatherCityDetailsInfoItem label="Pressure" value="1000 hPa" />

@@ -22,19 +22,19 @@
          "flex": 1,
          "fontSize": 14,
        }
      }
    >
-     Cloud Cover
+     Pressure
    </Text>
    <Text
      numberOfLines={1}
      style={
        Object {
          "color": "#808080",
          "fontSize": 14,
        }
      }
    >
-     50%
+     1000 hPa
    </Text>
  </RNCSafeAreaView>"
`;

exports[`should render correctly 1`] = `
<RNCSafeAreaView
  edges={
    [
      "left",
      "right",
    ]
  }
  style={
    {
      "backgroundColor": "#FFFFFF",
      "flex": 1,
      "flexDirection": "row",
      "padding": 20,
    }
  }
>
  <Text
    numberOfLines={1}
    style={
      {
        "color": "#000000",
        "flex": 1,
        "fontSize": 14,
      }
    }
  >
    Cloud Cover
  </Text>
  <Text
    numberOfLines={1}
    style={
      {
        "color": "#808080",
        "fontSize": 14,
      }
    }
  >
    50%
  </Text>
</RNCSafeAreaView>
`;
